// Jest Snapshot v1, https://goo.gl/fbAQLP

exports[`Contact Component should match snapshot 1`] = `
<article
  className="card-listings__card-details "
  role="dialog"
>
  <a
    className="card-listings__card-details-overlay"
    onClick={[Function]}
    role="overlay"
  />
  <div
    className="card-listings__card-details-inner"
  >
    <a
      className="card-listings__card-details-close"
      href="#"
      onClick={[Function]}
      role="closelink"
    >
      X
    </a>
    <img
      alt="New Job Card"
      role="productimage"
      src="http://someimage.com"
    />
    <section
      className="card-listings__card-details-inner-information"
    >
      <h3
        role="heading"
      >
        New Job Card
      </h3>
      <h4
        className="card-listings__card-details-stock-status--outOfStock"
        role="productstockstatus"
      >
        Sorry, this product is out of stock!
      </h4>
      <ul>
        <h4
          role="productsizesheading"
        >
          Sizes available
        </h4>
        <li
          key="0"
          role="productsizelistitem"
        >
          Large
           - £
        </li>
        <li
          key="1"
          role="productsizelistitem"
        >
          Medium
           - £
        </li>
      </ul>
      <h4
        role="descriptionheading"
      >
        Description
      </h4>
      <p
        dangerouslySetInnerHTML={
          Object {
            "__html": undefined,
          }
        }
        role="description"
      />
    </section>
  </div>
</article>
`;
